// Jest Snapshot v1, https://goo.gl/fbAQLP

exports[`should render Home component 1`] = `
<BrowserRouter>
  <Router
    history={
      Object {
        "action": "POP",
        "block": [Function],
        "createHref": [Function],
        "go": [Function],
        "goBack": [Function],
        "goForward": [Function],
        "length": 1,
        "listen": [Function],
        "location": Object {
          "hash": "",
          "pathname": "/",
          "search": "",
          "state": undefined,
        },
        "push": [Function],
        "replace": [Function],
      }
    }
  >
    <Home>
      <styled.div>
        <div
          className="sc-bZQynM iIFhze"
        >
          <Carousel
            carouselItems={Array []}
          >
            <styled.div>
              <div
                className="sc-htpNat dJnGbC"
              >
                <Styled(Slider)
                  autoplay={true}
                  autoplaySpeed={3000}
                  centerMode={true}
                  dots={true}
                  infinite={true}
                  pauseOnHover={true}
                  slidesToScroll={1}
                  slidesToShow={1}
                >
                  <Slider
                    autoplay={true}
                    autoplaySpeed={3000}
                    centerMode={true}
                    className="sc-EHOje hsamxs"
                    dots={true}
                    infinite={true}
                    pauseOnHover={true}
                    slidesToScroll={1}
                    slidesToShow={1}
                  >
                    <InnerSlider
                      accessibility={true}
                      adaptiveHeight={false}
                      afterChange={null}
                      appendDots={[Function]}
                      arrows={true}
                      autoplay={true}
                      autoplaySpeed={3000}
                      beforeChange={null}
                      centerMode={true}
                      centerPadding="50px"
                      className="sc-EHOje hsamxs"
                      cssEase="ease"
                      customPaging={[Function]}
                      dots={true}
                      dotsClass="slick-dots"
                      draggable={true}
                      easing="linear"
                      edgeFriction={0.35}
                      fade={false}
                      focusOnSelect={false}
                      infinite={true}
                      initialSlide={0}
                      lazyLoad={null}
                      nextArrow={null}
                      onEdge={null}
                      onInit={null}
                      onLazyLoadError={null}
                      onReInit={null}
                      pauseOnDotsHover={false}
                      pauseOnFocus={false}
                      pauseOnHover={true}
                      prevArrow={null}
                      responsive={null}
                      rows={1}
                      rtl={false}
                      slide="div"
                      slidesPerRow={1}
                      slidesToScroll={1}
                      slidesToShow={1}
                      speed={500}
                      swipe={true}
                      swipeEvent={null}
                      swipeToSlide={false}
                      touchMove={true}
                      touchThreshold={5}
                      unslick={true}
                      useCSS={true}
                      useTransform={true}
                      variableWidth={false}
                      vertical={false}
                      waitForAnimate={true}
                    >
                      <div
                        className="slick-slider sc-EHOje hsamxs slick-initialized"
                      >
                        <div
                          className="slick-list"
                        >
                          <Track
                            centerMode={true}
                            centerPadding="50px"
                            cssEase="ease"
                            currentSlide={0}
                            fade={false}
                            focusOnSelect={null}
                            infinite={true}
                            lazyLoad={null}
                            lazyLoadedList={Array []}
                            listHeight={0}
                            onMouseEnter={[Function]}
                            onMouseLeave={[Function]}
                            onMouseOver={[Function]}
                            rtl={false}
                            slideCount={0}
                            slideHeight={0}
                            slideWidth={-100}
                            slidesToScroll={1}
                            slidesToShow={1}
                            speed={500}
                            trackStyle={
                              Object {
                                "WebkitTransform": "translate3d(0px, 0px, 0px)",
                                "WebkitTransition": "",
                                "msTransform": "translateX(0px)",
                                "opacity": 1,
                                "transform": "translate3d(0px, 0px, 0px)",
                                "transition": "",
                              }
                            }
                            unslick={true}
                            variableWidth={false}
                            vertical={false}
                          >
                            <div
                              className="slick-track"
                              onMouseEnter={[Function]}
                              onMouseLeave={[Function]}
                              onMouseOver={[Function]}
                              style={
                                Object {
                                  "WebkitTransform": "translate3d(0px, 0px, 0px)",
                                  "WebkitTransition": "",
                                  "msTransform": "translateX(0px)",
                                  "opacity": 1,
                                  "transform": "translate3d(0px, 0px, 0px)",
                                  "transition": "",
                                }
                              }
                            />
                          </Track>
                        </div>
                      </div>
                    </InnerSlider>
                  </Slider>
                </Styled(Slider)>
              </div>
            </styled.div>
          </Carousel>
          <br />
          <br />
          <styled.div>
            <div
              className="sc-gzVnrw hCBRPB"
            >
              <styled.div>
                <div
                  className="sc-bwzfXH cgaatZ"
                />
              </styled.div>
            </div>
          </styled.div>
        </div>
      </styled.div>
    </Home>
  </Router>
</BrowserRouter>
`;
